// Jest Snapshot v1, https://goo.gl/fbAQLP

exports[`<NewMeetupForm/> Should match with snapshot 1`] = `
Object {
  "asFragment": [Function],
  "baseElement": <body>
    <div>
      <div
        class="card"
      >
        <form
          class="form"
          data-testid="form"
        >
          <div
            class="control"
          >
            <label
              for="title"
            >
              Meetup Title
            </label>
            <input
              data-testid="title"
              id="title"
              name="title"
              required=""
              type="text"
              value=""
            />
          </div>
          <div
            class="control"
          >
            <label
              for="image"
            >
              Meetup Image
            </label>
            <input
              data-testid="image"
              id="image"
              name="image"
              required=""
              type="url"
              value=""
            />
          </div>
          <div
            class="control"
          >
            <label
              for="address"
            >
              Address
            </label>
            <input
              data-testid="address"
              id="address"
              name="address"
              required=""
              type="text"
              value=""
            />
          </div>
          <div
            class="control"
          >
            <label
              for="description"
            >
              Description
            </label>
            <textarea
              data-testid="description"
              id="description"
              name="description"
              required=""
              rows="5"
            />
          </div>
          <div
            class="actions"
          >
            <button
              type="submit"
            >
              Add Meetup
            </button>
          </div>
        </form>
      </div>
    </div>
  </body>,
  "container": <div>
    <div
      class="card"
    >
      <form
        class="form"
        data-testid="form"
      >
        <div
          class="control"
        >
          <label
            for="title"
          >
            Meetup Title
          </label>
          <input
            data-testid="title"
            id="title"
            name="title"
            required=""
            type="text"
            value=""
          />
        </div>
        <div
          class="control"
        >
          <label
            for="image"
          >
            Meetup Image
          </label>
          <input
            data-testid="image"
            id="image"
            name="image"
            required=""
            type="url"
            value=""
          />
        </div>
        <div
          class="control"
        >
          <label
            for="address"
          >
            Address
          </label>
          <input
            data-testid="address"
            id="address"
            name="address"
            required=""
            type="text"
            value=""
          />
        </div>
        <div
          class="control"
        >
          <label
            for="description"
          >
            Description
          </label>
          <textarea
            data-testid="description"
            id="description"
            name="description"
            required=""
            rows="5"
          />
        </div>
        <div
          class="actions"
        >
          <button
            type="submit"
          >
            Add Meetup
          </button>
        </div>
      </form>
    </div>
  </div>,
  "debug": [Function],
  "findAllByAltText": [Function],
  "findAllByDisplayValue": [Function],
  "findAllByLabelText": [Function],
  "findAllByPlaceholderText": [Function],
  "findAllByRole": [Function],
  "findAllByTestId": [Function],
  "findAllByText": [Function],
  "findAllByTitle": [Function],
  "findByAltText": [Function],
  "findByDisplayValue": [Function],
  "findByLabelText": [Function],
  "findByPlaceholderText": [Function],
  "findByRole": [Function],
  "findByTestId": [Function],
  "findByText": [Function],
  "findByTitle": [Function],
  "getAllByAltText": [Function],
  "getAllByDisplayValue": [Function],
  "getAllByLabelText": [Function],
  "getAllByPlaceholderText": [Function],
  "getAllByRole": [Function],
  "getAllByTestId": [Function],
  "getAllByText": [Function],
  "getAllByTitle": [Function],
  "getByAltText": [Function],
  "getByDisplayValue": [Function],
  "getByLabelText": [Function],
  "getByPlaceholderText": [Function],
  "getByRole": [Function],
  "getByTestId": [Function],
  "getByText": [Function],
  "getByTitle": [Function],
  "queryAllByAltText": [Function],
  "queryAllByDisplayValue": [Function],
  "queryAllByLabelText": [Function],
  "queryAllByPlaceholderText": [Function],
  "queryAllByRole": [Function],
  "queryAllByTestId": [Function],
  "queryAllByText": [Function],
  "queryAllByTitle": [Function],
  "queryByAltText": [Function],
  "queryByDisplayValue": [Function],
  "queryByLabelText": [Function],
  "queryByPlaceholderText": [Function],
  "queryByRole": [Function],
  "queryByTestId": [Function],
  "queryByText": [Function],
  "queryByTitle": [Function],
  "rerender": [Function],
  "unmount": [Function],
}
`;
